// Jest Snapshot v1, https://goo.gl/fbAQLP

exports[`messages 1`] = `
{
  "typeUrl": "/osmosis.gamm.v1beta1.MsgJoinPool",
  "value": {
    "poolId": "606",
    "sender": "osmo1f4vxvvvvvvvvvv3luuddddddddddcccccccccc",
    "shareOutAmount": "101010101",
    "tokenInMaxs": [
      {
        "amount": "10248",
        "denom": "ibc/27394FB092D2ECCD56123C74F36E4C1F926001CEADA9CA97EA622B25F41E5EB2",
      },
      {
        "amount": "64837969",
        "denom": "ibc/B9E0A1A524E98BB407D3CED8720EFEFD186002F90C1B1B7964811DD0CCC12228",
      },
    ],
  },
}
`;

exports[`messages.scoped 1`] = `
{
  "typeUrl": "/osmosis.gamm.v1beta1.MsgJoinPool",
  "value": {
    "poolId": "606",
    "sender": "osmo1f4vxvvvvvvvvvv3luuddddddddddcccccccccc",
    "shareOutAmount": "101010101",
    "tokenInMaxs": [
      {
        "amount": "10248",
        "denom": "ibc/27394FB092D2ECCD56123C74F36E4C1F926001CEADA9CA97EA622B25F41E5EB2",
      },
      {
        "amount": "64837969",
        "denom": "ibc/B9E0A1A524E98BB407D3CED8720EFEFD186002F90C1B1B7964811DD0CCC12228",
      },
    ],
  },
}
`;
