// Jest Snapshot v1, https://goo.gl/fbAQLP

exports[`AminoConverter.MsgSwapExactAmountIn 1`] = `
{
  "routes": [
    {
      "pool_id": "606",
      "token_out_denom": "ibc/27394FB092D2ECCD56123C74F36E4C1F926001CEADA9CA97EA622B25F41E5EB2",
    },
  ],
  "sender": "osmo1f4vxvvvvvvvvvv3luuddddddddddcccccccccc",
  "token_in": {
    "amount": "10248",
    "denom": "ibc/27394FB092D2ECCD56123C74F36E4C1F926001CEADA9CA97EA622B25F41E5EB2",
  },
  "token_out_min_amount": "1000000",
}
`;

exports[`AminoConverter.MsgSwapExactAmountIn 2`] = `
{
  "routes": [
    {
      "poolId": Long {
        "high": 0,
        "low": 606,
        "unsigned": false,
      },
      "tokenOutDenom": "ibc/27394FB092D2ECCD56123C74F36E4C1F926001CEADA9CA97EA622B25F41E5EB2",
    },
  ],
  "sender": "osmo1f4vxvvvvvvvvvv3luuddddddddddcccccccccc",
  "tokenIn": {
    "amount": "10248",
    "denom": "ibc/27394FB092D2ECCD56123C74F36E4C1F926001CEADA9CA97EA622B25F41E5EB2",
  },
  "tokenOutMinAmount": "1000000",
}
`;

exports[`AminoConverter.MsgSwapExactAmountIn 3`] = `
{
  "routes": [
    {
      "pool_id": "606",
      "token_out_denom": "ibc/27394FB092D2ECCD56123C74F36E4C1F926001CEADA9CA97EA622B25F41E5EB2",
    },
  ],
  "sender": "osmo1f4vxvvvvvvvvvv3luuddddddddddcccccccccc",
  "token_in": {
    "amount": "10248",
    "denom": "ibc/27394FB092D2ECCD56123C74F36E4C1F926001CEADA9CA97EA622B25F41E5EB2",
  },
  "token_out_min_amount": "1000000",
}
`;
